******************************************************************************
                  MSP430 Linker PC v4.4.7                      
******************************************************************************
>> Linked Sat Mar 02 06:26:50 2019

OUTPUT FILE NAME:   <testPSU.out>
ENTRY POINT SYMBOL: "_c_int00_noargs_noexit"  address: 0000c402


MEMORY CONFIGURATION

         name            origin    length      used     unused   attr    fill
----------------------  --------  ---------  --------  --------  ----  --------
  SFR                   00000000   00000010  00000000  00000010  RWIX
  PERIPHERALS_8BIT      00000010   000000f0  00000000  000000f0  RWIX
  PERIPHERALS_16BIT     00000100   00000100  00000000  00000100  RWIX
  RAM                   00000200   00000200  00000052  000001ae  RWIX
  INFOD                 00001000   00000040  00000000  00000040  RWIX
  INFOC                 00001040   00000040  00000000  00000040  RWIX
  INFOB                 00001080   00000040  00000000  00000040  RWIX
  INFOA                 000010c0   00000040  00000000  00000040  RWIX
  FLASH                 0000c000   00003fde  00000580  00003a5e  RWIX
  BSLSIGNATURE          0000ffde   00000002  00000002  00000000  RWIX  ffff 
  INT00                 0000ffe0   00000002  00000002  00000000  RWIX
  INT01                 0000ffe2   00000002  00000000  00000002  RWIX
  INT02                 0000ffe4   00000002  00000002  00000000  RWIX
  INT03                 0000ffe6   00000002  00000002  00000000  RWIX
  INT04                 0000ffe8   00000002  00000000  00000002  RWIX
  INT05                 0000ffea   00000002  00000002  00000000  RWIX
  INT06                 0000ffec   00000002  00000002  00000000  RWIX
  INT07                 0000ffee   00000002  00000002  00000000  RWIX
  INT08                 0000fff0   00000002  00000002  00000000  RWIX
  INT09                 0000fff2   00000002  00000002  00000000  RWIX
  INT10                 0000fff4   00000002  00000002  00000000  RWIX
  INT11                 0000fff6   00000002  00000002  00000000  RWIX
  INT12                 0000fff8   00000002  00000002  00000000  RWIX
  INT13                 0000fffa   00000002  00000002  00000000  RWIX
  INT14                 0000fffc   00000002  00000002  00000000  RWIX
  RESET                 0000fffe   00000002  00000002  00000000  RWIX


SECTION ALLOCATION MAP

 output                                  attributes/
section   page    origin      length       input sections
--------  ----  ----------  ----------   ----------------
.data      0    00000200    00000002     UNINITIALIZED
                  00000200    00000002     timer.obj (.data)

.TI.persistent 
*          0    00000200    00000000     UNINITIALIZED

.stack     0    000003b0    00000050     UNINITIALIZED
                  000003b0    00000002     rts430_eabi.lib : boot.obj (.stack)
                  000003b2    0000004e     --HOLE--

.text      0    0000c000    000004ec     
                  0000c000    000000c0     board.obj (.text:board_init)
                  0000c0c0    0000007c     main.obj (.text:itoa)
                  0000c13c    00000064     rts430_eabi.lib : copy_decompress_rle.obj (.text:__TI_decompress_rle_core)
                  0000c1a0    00000058                     : autoinit.obj (.text:_auto_init)
                  0000c1f8    00000056     main.obj (.text:main)
                  0000c24e    00000052     spi.obj (.text:shift_in_ic)
                  0000c2a0    0000003e     rts430_eabi.lib : lsl32.obj (.text:l_lsl_const)
                  0000c2de    00000034     uart.obj (.text:uart_puts)
                  0000c312    00000030     main.obj (.text:reverse)
                  0000c342    0000002c     rts430_eabi.lib : div16s.obj (.text)
                  0000c36e    0000002c                     : lsl16.obj (.text)
                  0000c39a    0000002a     uart.obj (.text:uart_init)
                  0000c3c4    00000022     i2c.obj (.text:i2c_init)
                  0000c3e6    0000001c     timer.obj (.text:delay)
                  0000c402    0000001a     rts430_eabi.lib : boot_special.obj (.text:_c_int00_noargs_noexit)
                  0000c41c    00000016                     : div16u.obj (.text)
                  0000c432    00000016     timer.obj (.text:timer_init)
                  0000c448    00000016     tlv.obj (.text:tlv_verify)
                  0000c45e    00000014     tlv.obj (.text:_calculate_checksum)
                  0000c472    00000012     rts430_eabi.lib : copy_decompress_none.obj (.text:decompress:none:__TI_decompress_none)
                  0000c484    00000012                     : memcpy.obj (.text:memcpy)
                  0000c496    00000010                     : epilog.obj (.text)
                  0000c4a6    0000000a     icDAC.obj (.text:icDAC_init)
                  0000c4b0    0000000a     icDAC.obj (.text:setICDAC)
                  0000c4ba    0000000a     timer.obj (.text:timer1_isr)
                  0000c4c4    00000008     watchdog.obj (.text:watchdog_disable)
                  0000c4cc    00000006     board.obj (.text:LEDOFF)
                  0000c4d2    00000006     board.obj (.text:LEDON)
                  0000c4d8    00000006     rts430_eabi.lib : isr_trap.obj (.text:_isr:__TI_ISR_TRAP)
                  0000c4de    00000006                     : copy_decompress_rle.obj (.text:decompress:rle24:__TI_decompress_rle24)
                  0000c4e4    00000004                     : pre_init.obj (.text:_system_pre_init)
                  0000c4e8    00000004                     : exit.obj (.text:abort)

.const     0    0000c4ec    00000086     
                  0000c4ec    0000007e     board.obj (.const:.string)
                  0000c56a    00000008     main.obj (.const:.string)

.cinit     0    0000c572    0000000e     
                  0000c572    00000006     (.cinit..data.load) [load image]
                  0000c578    00000004     (__TI_handler_table)
                  0000c57c    00000004     (__TI_cinit_table)

.init_array 
*          0    0000c000    00000000     UNINITIALIZED

TRAPINT    0    0000ffe0    00000002     
                  0000ffe0    00000002     rts430_eabi.lib : int00.obj (.int00)

$fill000   0    0000ffde    00000002     
                  0000ffde    00000002     --HOLE-- [fill = ffff]

PORT1      0    0000ffe4    00000002     
                  0000ffe4    00000002     rts430_eabi.lib : int02.obj (.int02)

PORT2      0    0000ffe6    00000002     
                  0000ffe6    00000002     rts430_eabi.lib : int03.obj (.int03)

ADC10      0    0000ffea    00000002     
                  0000ffea    00000002     rts430_eabi.lib : int05.obj (.int05)

USCIAB0TX 
*          0    0000ffec    00000002     
                  0000ffec    00000002     rts430_eabi.lib : int06.obj (.int06)

USCIAB0RX 
*          0    0000ffee    00000002     
                  0000ffee    00000002     rts430_eabi.lib : int07.obj (.int07)

TIMER0_A1 
*          0    0000fff0    00000002     
                  0000fff0    00000002     rts430_eabi.lib : int08.obj (.int08)

TIMER0_A0 
*          0    0000fff2    00000002     
                  0000fff2    00000002     rts430_eabi.lib : int09.obj (.int09)

WDT        0    0000fff4    00000002     
                  0000fff4    00000002     rts430_eabi.lib : int10.obj (.int10)

COMPARATORA 
*          0    0000fff6    00000002     
                  0000fff6    00000002     rts430_eabi.lib : int11.obj (.int11)

TIMER1_A1 
*          0    0000fff8    00000002     
                  0000fff8    00000002     rts430_eabi.lib : int12.obj (.int12)

TIMER1_A0 
*          0    0000fffa    00000002     
                  0000fffa    00000002     timer.obj (.int13)

NMI        0    0000fffc    00000002     
                  0000fffc    00000002     rts430_eabi.lib : int14.obj (.int14)

.reset     0    0000fffe    00000002     
                  0000fffe    00000002     rts430_eabi.lib : boot.obj (.reset)


LINKER GENERATED COPY TABLES

__TI_cinit_table @ 0000c57c records: 1, size/record: 4, table size: 4
	.data: load addr=0000c572, load size=00000006 bytes, run addr=00000200, run size=00000002 bytes, compression=copy


LINKER GENERATED HANDLER TABLE

__TI_handler_table @ 0000c578 records: 2, size/record: 2, table size: 4
	index: 0, handler: __TI_decompress_rle24
	index: 1, handler: __TI_decompress_none


GLOBAL SYMBOLS: SORTED ALPHABETICALLY BY Name 

address   name                    
-------   ----                    
0000004a  ADC10AE0                
000001b0  ADC10CTL0               
000001b2  ADC10CTL1               
00000048  ADC10DTC0               
00000049  ADC10DTC1               
000001b4  ADC10MEM                
000001bc  ADC10SA                 
00000057  BCSCTL1                 
00000058  BCSCTL2                 
00000053  BCSCTL3                 
0000c4e8  C$$EXIT                 
00000059  CACTL1                  
0000005a  CACTL2                  
000010fb  CALBC1_12MHZ            
000010f9  CALBC1_16MHZ            
000010ff  CALBC1_1MHZ             
000010fd  CALBC1_8MHZ             
000010fa  CALDCO_12MHZ            
000010f8  CALDCO_16MHZ            
000010fe  CALDCO_1MHZ             
000010fc  CALDCO_8MHZ             
0000005b  CAPD                    
00000056  DCOCTL                  
00000128  FCTL1                   
0000012a  FCTL2                   
0000012c  FCTL3                   
00000000  IE1                     
00000001  IE2                     
00000002  IFG1                    
00000003  IFG2                    
0000c4cc  LEDOFF                  
0000c4d2  LEDON                   
00000022  P1DIR                   
00000025  P1IE                    
00000024  P1IES                   
00000023  P1IFG                   
00000020  P1IN                    
00000021  P1OUT                   
00000027  P1REN                   
00000026  P1SEL                   
00000041  P1SEL2                  
0000002a  P2DIR                   
0000002d  P2IE                    
0000002c  P2IES                   
0000002b  P2IFG                   
00000028  P2IN                    
00000029  P2OUT                   
0000002f  P2REN                   
0000002e  P2SEL                   
00000042  P2SEL2                  
0000001a  P3DIR                   
00000018  P3IN                    
00000019  P3OUT                   
00000010  P3REN                   
0000001b  P3SEL                   
00000043  P3SEL2                  
00000172  TA0CCR0                 
00000174  TA0CCR1                 
00000176  TA0CCR2                 
00000162  TA0CCTL0                
00000164  TA0CCTL1                
00000166  TA0CCTL2                
00000160  TA0CTL                  
0000012e  TA0IV                   
00000170  TA0R                    
00000192  TA1CCR0                 
00000194  TA1CCR1                 
00000196  TA1CCR2                 
00000182  TA1CCTL0                
00000184  TA1CCTL1                
00000186  TA1CCTL2                
00000180  TA1CTL                  
0000011e  TA1IV                   
00000190  TA1R                    
000010db  TLV_ADC10_1_LEN         
000010da  TLV_ADC10_1_TAG         
000010c0  TLV_CHECKSUM            
000010f7  TLV_DCO_30_LEN          
000010f6  TLV_DCO_30_TAG          
0000005d  UCA0ABCTL               
00000062  UCA0BR0                 
00000063  UCA0BR1                 
00000060  UCA0CTL0                
00000061  UCA0CTL1                
0000005f  UCA0IRRCTL              
0000005e  UCA0IRTCTL              
00000064  UCA0MCTL                
00000066  UCA0RXBUF               
00000065  UCA0STAT                
00000067  UCA0TXBUF               
0000006a  UCB0BR0                 
0000006b  UCB0BR1                 
00000068  UCB0CTL0                
00000069  UCB0CTL1                
0000006c  UCB0I2CIE               
00000118  UCB0I2COA               
0000011a  UCB0I2CSA               
0000006e  UCB0RXBUF               
0000006d  UCB0STAT                
0000006f  UCB0TXBUF               
00000120  WDTCTL                  
00000400  __STACK_END             
00000050  __STACK_SIZE            
0000c57c  __TI_CINIT_Base         
0000c580  __TI_CINIT_Limit        
0000c578  __TI_Handler_Table_Base 
0000c57c  __TI_Handler_Table_Limit
UNDEFED   __TI_INITARRAY_Base     
UNDEFED   __TI_INITARRAY_Limit    
0000c4d8  __TI_ISR_TRAP           
0000c472  __TI_decompress_none    
0000c4de  __TI_decompress_rle24   
0000ffe0  __TI_int00              
0000ffe4  __TI_int02              
0000ffe6  __TI_int03              
0000ffea  __TI_int05              
0000ffec  __TI_int06              
0000ffee  __TI_int07              
0000fff0  __TI_int08              
0000fff2  __TI_int09              
0000fff4  __TI_int10              
0000fff6  __TI_int11              
0000fff8  __TI_int12              
0000fffa  __TI_int13              
0000fffc  __TI_int14              
ffffffff  __binit__               
ffffffff  __c_args__              
0000c342  __mspabi_divi           
0000c41c  __mspabi_divu           
0000c4a2  __mspabi_func_epilog_1  
0000c4a0  __mspabi_func_epilog_2  
0000c49e  __mspabi_func_epilog_3  
0000c49c  __mspabi_func_epilog_4  
0000c49a  __mspabi_func_epilog_5  
0000c498  __mspabi_func_epilog_6  
0000c496  __mspabi_func_epilog_7  
0000c342  __mspabi_remi           
0000c41c  __mspabi_remu           
0000c36e  __mspabi_slli           
0000c396  __mspabi_slli_1         
0000c384  __mspabi_slli_10        
0000c382  __mspabi_slli_11        
0000c380  __mspabi_slli_12        
0000c37e  __mspabi_slli_13        
0000c37c  __mspabi_slli_14        
0000c37a  __mspabi_slli_15        
0000c394  __mspabi_slli_2         
0000c392  __mspabi_slli_3         
0000c390  __mspabi_slli_4         
0000c38e  __mspabi_slli_5         
0000c38c  __mspabi_slli_6         
0000c38a  __mspabi_slli_7         
0000c388  __mspabi_slli_8         
0000c386  __mspabi_slli_9         
0000c2d8  __mspabi_slll_1         
0000c2b4  __mspabi_slll_10        
0000c2b0  __mspabi_slll_11        
0000c2ac  __mspabi_slll_12        
0000c2a8  __mspabi_slll_13        
0000c2a4  __mspabi_slll_14        
0000c2a0  __mspabi_slll_15        
0000c2d4  __mspabi_slll_2         
0000c2d0  __mspabi_slll_3         
0000c2cc  __mspabi_slll_4         
0000c2c8  __mspabi_slll_5         
0000c2c4  __mspabi_slll_6         
0000c2c0  __mspabi_slll_7         
0000c2bc  __mspabi_slll_8         
0000c2b8  __mspabi_slll_9         
0000c1a0  _auto_init              
0000c402  _c_int00_noargs_noexit  
0000fffe  _reset_vector           
000003b0  _stack                  
0000c4e4  _system_pre_init        
0000c4e8  abort                   
ffffffff  binit                   
0000c000  board_init              
0000c3e6  delay                   
0000c3c4  i2c_init                
0000c4a6  icDAC_init              
0000c0c0  itoa                    
0000c1f8  main                    
0000c484  memcpy                  
0000c312  reverse                 
0000c4b0  setICDAC                
0000c24e  shift_in_ic             
0000c4ba  timer1_isr              
0000c432  timer_init              
0000c448  tlv_verify              
0000c39a  uart_init               
0000c2de  uart_puts               
0000c4c4  watchdog_disable        


GLOBAL SYMBOLS: SORTED BY Symbol Address 

address   name                    
-------   ----                    
00000000  IE1                     
00000001  IE2                     
00000002  IFG1                    
00000003  IFG2                    
00000010  P3REN                   
00000018  P3IN                    
00000019  P3OUT                   
0000001a  P3DIR                   
0000001b  P3SEL                   
00000020  P1IN                    
00000021  P1OUT                   
00000022  P1DIR                   
00000023  P1IFG                   
00000024  P1IES                   
00000025  P1IE                    
00000026  P1SEL                   
00000027  P1REN                   
00000028  P2IN                    
00000029  P2OUT                   
0000002a  P2DIR                   
0000002b  P2IFG                   
0000002c  P2IES                   
0000002d  P2IE                    
0000002e  P2SEL                   
0000002f  P2REN                   
00000041  P1SEL2                  
00000042  P2SEL2                  
00000043  P3SEL2                  
00000048  ADC10DTC0               
00000049  ADC10DTC1               
0000004a  ADC10AE0                
00000050  __STACK_SIZE            
00000053  BCSCTL3                 
00000056  DCOCTL                  
00000057  BCSCTL1                 
00000058  BCSCTL2                 
00000059  CACTL1                  
0000005a  CACTL2                  
0000005b  CAPD                    
0000005d  UCA0ABCTL               
0000005e  UCA0IRTCTL              
0000005f  UCA0IRRCTL              
00000060  UCA0CTL0                
00000061  UCA0CTL1                
00000062  UCA0BR0                 
00000063  UCA0BR1                 
00000064  UCA0MCTL                
00000065  UCA0STAT                
00000066  UCA0RXBUF               
00000067  UCA0TXBUF               
00000068  UCB0CTL0                
00000069  UCB0CTL1                
0000006a  UCB0BR0                 
0000006b  UCB0BR1                 
0000006c  UCB0I2CIE               
0000006d  UCB0STAT                
0000006e  UCB0RXBUF               
0000006f  UCB0TXBUF               
00000118  UCB0I2COA               
0000011a  UCB0I2CSA               
0000011e  TA1IV                   
00000120  WDTCTL                  
00000128  FCTL1                   
0000012a  FCTL2                   
0000012c  FCTL3                   
0000012e  TA0IV                   
00000160  TA0CTL                  
00000162  TA0CCTL0                
00000164  TA0CCTL1                
00000166  TA0CCTL2                
00000170  TA0R                    
00000172  TA0CCR0                 
00000174  TA0CCR1                 
00000176  TA0CCR2                 
00000180  TA1CTL                  
00000182  TA1CCTL0                
00000184  TA1CCTL1                
00000186  TA1CCTL2                
00000190  TA1R                    
00000192  TA1CCR0                 
00000194  TA1CCR1                 
00000196  TA1CCR2                 
000001b0  ADC10CTL0               
000001b2  ADC10CTL1               
000001b4  ADC10MEM                
000001bc  ADC10SA                 
000003b0  _stack                  
00000400  __STACK_END             
000010c0  TLV_CHECKSUM            
000010da  TLV_ADC10_1_TAG         
000010db  TLV_ADC10_1_LEN         
000010f6  TLV_DCO_30_TAG          
000010f7  TLV_DCO_30_LEN          
000010f8  CALDCO_16MHZ            
000010f9  CALBC1_16MHZ            
000010fa  CALDCO_12MHZ            
000010fb  CALBC1_12MHZ            
000010fc  CALDCO_8MHZ             
000010fd  CALBC1_8MHZ             
000010fe  CALDCO_1MHZ             
000010ff  CALBC1_1MHZ             
0000c000  board_init              
0000c0c0  itoa                    
0000c1a0  _auto_init              
0000c1f8  main                    
0000c24e  shift_in_ic             
0000c2a0  __mspabi_slll_15        
0000c2a4  __mspabi_slll_14        
0000c2a8  __mspabi_slll_13        
0000c2ac  __mspabi_slll_12        
0000c2b0  __mspabi_slll_11        
0000c2b4  __mspabi_slll_10        
0000c2b8  __mspabi_slll_9         
0000c2bc  __mspabi_slll_8         
0000c2c0  __mspabi_slll_7         
0000c2c4  __mspabi_slll_6         
0000c2c8  __mspabi_slll_5         
0000c2cc  __mspabi_slll_4         
0000c2d0  __mspabi_slll_3         
0000c2d4  __mspabi_slll_2         
0000c2d8  __mspabi_slll_1         
0000c2de  uart_puts               
0000c312  reverse                 
0000c342  __mspabi_divi           
0000c342  __mspabi_remi           
0000c36e  __mspabi_slli           
0000c37a  __mspabi_slli_15        
0000c37c  __mspabi_slli_14        
0000c37e  __mspabi_slli_13        
0000c380  __mspabi_slli_12        
0000c382  __mspabi_slli_11        
0000c384  __mspabi_slli_10        
0000c386  __mspabi_slli_9         
0000c388  __mspabi_slli_8         
0000c38a  __mspabi_slli_7         
0000c38c  __mspabi_slli_6         
0000c38e  __mspabi_slli_5         
0000c390  __mspabi_slli_4         
0000c392  __mspabi_slli_3         
0000c394  __mspabi_slli_2         
0000c396  __mspabi_slli_1         
0000c39a  uart_init               
0000c3c4  i2c_init                
0000c3e6  delay                   
0000c402  _c_int00_noargs_noexit  
0000c41c  __mspabi_divu           
0000c41c  __mspabi_remu           
0000c432  timer_init              
0000c448  tlv_verify              
0000c472  __TI_decompress_none    
0000c484  memcpy                  
0000c496  __mspabi_func_epilog_7  
0000c498  __mspabi_func_epilog_6  
0000c49a  __mspabi_func_epilog_5  
0000c49c  __mspabi_func_epilog_4  
0000c49e  __mspabi_func_epilog_3  
0000c4a0  __mspabi_func_epilog_2  
0000c4a2  __mspabi_func_epilog_1  
0000c4a6  icDAC_init              
0000c4b0  setICDAC                
0000c4ba  timer1_isr              
0000c4c4  watchdog_disable        
0000c4cc  LEDOFF                  
0000c4d2  LEDON                   
0000c4d8  __TI_ISR_TRAP           
0000c4de  __TI_decompress_rle24   
0000c4e4  _system_pre_init        
0000c4e8  C$$EXIT                 
0000c4e8  abort                   
0000c578  __TI_Handler_Table_Base 
0000c57c  __TI_CINIT_Base         
0000c57c  __TI_Handler_Table_Limit
0000c580  __TI_CINIT_Limit        
0000ffe0  __TI_int00              
0000ffe4  __TI_int02              
0000ffe6  __TI_int03              
0000ffea  __TI_int05              
0000ffec  __TI_int06              
0000ffee  __TI_int07              
0000fff0  __TI_int08              
0000fff2  __TI_int09              
0000fff4  __TI_int10              
0000fff6  __TI_int11              
0000fff8  __TI_int12              
0000fffa  __TI_int13              
0000fffc  __TI_int14              
0000fffe  _reset_vector           
ffffffff  __binit__               
ffffffff  __c_args__              
ffffffff  binit                   
UNDEFED   __TI_INITARRAY_Base     
UNDEFED   __TI_INITARRAY_Limit    

[192 symbols]
