******************************************************************************
                  MSP430 Linker PC v4.4.7                      
******************************************************************************
>> Linked Fri Mar 15 22:20:41 2019

OUTPUT FILE NAME:   <testPSU.out>
ENTRY POINT SYMBOL: "_c_int00_noargs_noexit"  address: 0000c92a


MEMORY CONFIGURATION

         name            origin    length      used     unused   attr    fill
----------------------  --------  ---------  --------  --------  ----  --------
  SFR                   00000000   00000010  00000000  00000010  RWIX
  PERIPHERALS_8BIT      00000010   000000f0  00000000  000000f0  RWIX
  PERIPHERALS_16BIT     00000100   00000100  00000000  00000100  RWIX
  RAM                   00000200   00000200  00000079  00000187  RWIX
  INFOD                 00001000   00000040  00000000  00000040  RWIX
  INFOC                 00001040   00000040  00000000  00000040  RWIX
  INFOB                 00001080   00000040  00000000  00000040  RWIX
  INFOA                 000010c0   00000040  00000000  00000040  RWIX
  FLASH                 0000c000   00003fde  00000aee  000034f0  RWIX
  BSLSIGNATURE          0000ffde   00000002  00000002  00000000  RWIX  ffff 
  INT00                 0000ffe0   00000002  00000002  00000000  RWIX
  INT01                 0000ffe2   00000002  00000000  00000002  RWIX
  INT02                 0000ffe4   00000002  00000002  00000000  RWIX
  INT03                 0000ffe6   00000002  00000002  00000000  RWIX
  INT04                 0000ffe8   00000002  00000000  00000002  RWIX
  INT05                 0000ffea   00000002  00000002  00000000  RWIX
  INT06                 0000ffec   00000002  00000002  00000000  RWIX
  INT07                 0000ffee   00000002  00000002  00000000  RWIX
  INT08                 0000fff0   00000002  00000002  00000000  RWIX
  INT09                 0000fff2   00000002  00000002  00000000  RWIX
  INT10                 0000fff4   00000002  00000002  00000000  RWIX
  INT11                 0000fff6   00000002  00000002  00000000  RWIX
  INT12                 0000fff8   00000002  00000002  00000000  RWIX
  INT13                 0000fffa   00000002  00000002  00000000  RWIX
  INT14                 0000fffc   00000002  00000002  00000000  RWIX
  RESET                 0000fffe   00000002  00000002  00000000  RWIX


SECTION ALLOCATION MAP

 output                                  attributes/
section   page    origin      length       input sections
--------  ----  ----------  ----------   ----------------
.bss       0    00000200    00000023     UNINITIALIZED
                  00000200    00000020     (.common:rxBuf)
                  00000220    00000001     (.common:entries)
                  00000221    00000001     (.common:rxBufIn)
                  00000222    00000001     (.common:rxBufOut)

.data      0    00000224    00000006     UNINITIALIZED
                  00000224    00000004     main.obj (.data)
                  00000228    00000002     timer.obj (.data)

.TI.persistent 
*          0    00000224    00000000     UNINITIALIZED

.stack     0    000003b0    00000050     UNINITIALIZED
                  000003b0    00000002     rts430_eabi.lib : boot.obj (.stack)
                  000003b2    0000004e     --HOLE--

.text      0    0000c000    00000a36     
                  0000c000    00000140     main.obj (.text:main)
                  0000c140    000000c6     board.obj (.text:board_init)
                  0000c206    000000b8     main.obj (.text:itoa)
                  0000c2be    00000074     hvmeas.obj (.text:readHVMeasADC)
                  0000c332    0000006c     i2c.obj (.text:_receive)
                  0000c39e    00000066     i2c.obj (.text:_transmit)
                  0000c404    00000064     rts430_eabi.lib : copy_decompress_rle.obj (.text:__TI_decompress_rle_core)
                  0000c468    0000005e     i2c.obj (.text:i2c_transfer)
                  0000c4c6    0000005c     main.obj (.text:reverse)
                  0000c522    0000005a     spi.obj (.text:shift_in_ic)
                  0000c57c    00000058     rts430_eabi.lib : autoinit.obj (.text:_auto_init)
                  0000c5d4    00000058                     : div32u.obj (.text)
                  0000c62c    00000058     elecLoad.obj (.text:setLoadDAC)
                  0000c684    0000004c     tlv.obj (.text:_calculate_checksum)
                  0000c6d0    0000004c     rts430_eabi.lib : lsr16.obj (.text)
                  0000c71c    00000048     uart.obj (.text:uart_puts)
                  0000c764    00000046     uart.obj (.text:uart_init)
                  0000c7aa    00000042     elecLoad.obj (.text:elecLoad_init)
                  0000c7ec    0000003e     rts430_eabi.lib : lsl32.obj (.text:l_lsl_const)
                  0000c82a    00000038     hvmeas.obj (.text:hvmeas_init)
                  0000c862    0000002e     uart.obj (.text:USCI0RX_ISR)
                  0000c890    0000002c     rts430_eabi.lib : div16s.obj (.text)
                  0000c8bc    00000028     icDAC.obj (.text:setICDAC)
                  0000c8e4    00000024     i2c.obj (.text:_check_ack)
                  0000c908    00000022     i2c.obj (.text:i2c_init)
                  0000c92a    0000001a     rts430_eabi.lib : boot_special.obj (.text:_c_int00_noargs_noexit)
                  0000c944    0000001a     timer.obj (.text:delay)
                  0000c95e    00000016     rts430_eabi.lib : div16u.obj (.text)
                  0000c974    00000016     timer.obj (.text:timer_init)
                  0000c98a    00000016     uart.obj (.text:uart_putchar)
                  0000c9a0    00000014     rts430_eabi.lib : copy_zero_init.obj (.text:decompress:ZI:__TI_zero_init)
                  0000c9b4    00000012                     : copy_decompress_none.obj (.text:decompress:none:__TI_decompress_none)
                  0000c9c6    00000012                     : memcpy.obj (.text:memcpy)
                  0000c9d8    00000012     tlv.obj (.text:tlv_verify)
                  0000c9ea    00000010     rts430_eabi.lib : epilog.obj (.text)
                  0000c9fa    0000000a     icDAC.obj (.text:icDAC_init)
                  0000ca04    0000000a     timer.obj (.text:timer1_isr)
                  0000ca0e    00000008     watchdog.obj (.text:watchdog_disable)
                  0000ca16    00000006     board.obj (.text:LEDOFF)
                  0000ca1c    00000006     board.obj (.text:LEDON)
                  0000ca22    00000006     rts430_eabi.lib : isr_trap.obj (.text:_isr:__TI_ISR_TRAP)
                  0000ca28    00000006                     : copy_decompress_rle.obj (.text:decompress:rle24:__TI_decompress_rle24)
                  0000ca2e    00000004                     : pre_init.obj (.text:_system_pre_init)
                  0000ca32    00000004                     : exit.obj (.text:abort)

.const     0    0000ca36    0000009c     
                  0000ca36    00000072     board.obj (.const:.string)
                  0000caa8    00000028     main.obj (.const:.string)
                  0000cad0    00000002     main.obj (.const)

.cinit     0    0000cad2    0000001c     
                  0000cad2    0000000a     (.cinit..data.load) [load image]
                  0000cadc    00000006     (__TI_handler_table)
                  0000cae2    00000004     (.cinit..bss.load) [load image, compression = zero_init]
                  0000cae6    00000008     (__TI_cinit_table)

.init_array 
*          0    0000c000    00000000     UNINITIALIZED

TRAPINT    0    0000ffe0    00000002     
                  0000ffe0    00000002     rts430_eabi.lib : int00.obj (.int00)

$fill000   0    0000ffde    00000002     
                  0000ffde    00000002     --HOLE-- [fill = ffff]

PORT1      0    0000ffe4    00000002     
                  0000ffe4    00000002     rts430_eabi.lib : int02.obj (.int02)

PORT2      0    0000ffe6    00000002     
                  0000ffe6    00000002     rts430_eabi.lib : int03.obj (.int03)

ADC10      0    0000ffea    00000002     
                  0000ffea    00000002     rts430_eabi.lib : int05.obj (.int05)

USCIAB0TX 
*          0    0000ffec    00000002     
                  0000ffec    00000002     rts430_eabi.lib : int06.obj (.int06)

USCIAB0RX 
*          0    0000ffee    00000002     
                  0000ffee    00000002     uart.obj (.int07)

TIMER0_A1 
*          0    0000fff0    00000002     
                  0000fff0    00000002     rts430_eabi.lib : int08.obj (.int08)

TIMER0_A0 
*          0    0000fff2    00000002     
                  0000fff2    00000002     rts430_eabi.lib : int09.obj (.int09)

WDT        0    0000fff4    00000002     
                  0000fff4    00000002     rts430_eabi.lib : int10.obj (.int10)

COMPARATORA 
*          0    0000fff6    00000002     
                  0000fff6    00000002     rts430_eabi.lib : int11.obj (.int11)

TIMER1_A1 
*          0    0000fff8    00000002     
                  0000fff8    00000002     rts430_eabi.lib : int12.obj (.int12)

TIMER1_A0 
*          0    0000fffa    00000002     
                  0000fffa    00000002     timer.obj (.int13)

NMI        0    0000fffc    00000002     
                  0000fffc    00000002     rts430_eabi.lib : int14.obj (.int14)

.reset     0    0000fffe    00000002     
                  0000fffe    00000002     rts430_eabi.lib : boot.obj (.reset)


LINKER GENERATED COPY TABLES

__TI_cinit_table @ 0000cae6 records: 2, size/record: 4, table size: 8
	.data: load addr=0000cad2, load size=0000000a bytes, run addr=00000224, run size=00000006 bytes, compression=copy
	.bss: load addr=0000cae2, load size=00000004 bytes, run addr=00000200, run size=00000023 bytes, compression=zero_init


LINKER GENERATED HANDLER TABLE

__TI_handler_table @ 0000cadc records: 3, size/record: 2, table size: 6
	index: 0, handler: __TI_zero_init
	index: 1, handler: __TI_decompress_rle24
	index: 2, handler: __TI_decompress_none


GLOBAL SYMBOLS: SORTED ALPHABETICALLY BY Name 

address   name                    
-------   ----                    
0000004a  ADC10AE0                
000001b0  ADC10CTL0               
000001b2  ADC10CTL1               
00000048  ADC10DTC0               
00000049  ADC10DTC1               
000001b4  ADC10MEM                
000001bc  ADC10SA                 
00000057  BCSCTL1                 
00000058  BCSCTL2                 
00000053  BCSCTL3                 
0000ca32  C$$EXIT                 
00000059  CACTL1                  
0000005a  CACTL2                  
000010fb  CALBC1_12MHZ            
000010f9  CALBC1_16MHZ            
000010ff  CALBC1_1MHZ             
000010fd  CALBC1_8MHZ             
000010fa  CALDCO_12MHZ            
000010f8  CALDCO_16MHZ            
000010fe  CALDCO_1MHZ             
000010fc  CALDCO_8MHZ             
0000005b  CAPD                    
00000056  DCOCTL                  
00000128  FCTL1                   
0000012a  FCTL2                   
0000012c  FCTL3                   
00000224  HVsetpoint              
00000000  IE1                     
00000001  IE2                     
00000002  IFG1                    
00000003  IFG2                    
0000ca16  LEDOFF                  
0000ca1c  LEDON                   
00000022  P1DIR                   
00000025  P1IE                    
00000024  P1IES                   
00000023  P1IFG                   
00000020  P1IN                    
00000021  P1OUT                   
00000027  P1REN                   
00000026  P1SEL                   
00000041  P1SEL2                  
0000002a  P2DIR                   
0000002d  P2IE                    
0000002c  P2IES                   
0000002b  P2IFG                   
00000028  P2IN                    
00000029  P2OUT                   
0000002f  P2REN                   
0000002e  P2SEL                   
00000042  P2SEL2                  
0000001a  P3DIR                   
00000018  P3IN                    
00000019  P3OUT                   
00000010  P3REN                   
0000001b  P3SEL                   
00000043  P3SEL2                  
00000172  TA0CCR0                 
00000174  TA0CCR1                 
00000176  TA0CCR2                 
00000162  TA0CCTL0                
00000164  TA0CCTL1                
00000166  TA0CCTL2                
00000160  TA0CTL                  
0000012e  TA0IV                   
00000170  TA0R                    
00000192  TA1CCR0                 
00000194  TA1CCR1                 
00000196  TA1CCR2                 
00000182  TA1CCTL0                
00000184  TA1CCTL1                
00000186  TA1CCTL2                
00000180  TA1CTL                  
0000011e  TA1IV                   
00000190  TA1R                    
000010db  TLV_ADC10_1_LEN         
000010da  TLV_ADC10_1_TAG         
000010c0  TLV_CHECKSUM            
000010f7  TLV_DCO_30_LEN          
000010f6  TLV_DCO_30_TAG          
0000005d  UCA0ABCTL               
00000062  UCA0BR0                 
00000063  UCA0BR1                 
00000060  UCA0CTL0                
00000061  UCA0CTL1                
0000005f  UCA0IRRCTL              
0000005e  UCA0IRTCTL              
00000064  UCA0MCTL                
00000066  UCA0RXBUF               
00000065  UCA0STAT                
00000067  UCA0TXBUF               
0000006a  UCB0BR0                 
0000006b  UCB0BR1                 
00000068  UCB0CTL0                
00000069  UCB0CTL1                
0000006c  UCB0I2CIE               
00000118  UCB0I2COA               
0000011a  UCB0I2CSA               
0000006e  UCB0RXBUF               
0000006d  UCB0STAT                
0000006f  UCB0TXBUF               
0000c862  USCI0RX_ISR             
00000120  WDTCTL                  
00000400  __STACK_END             
00000050  __STACK_SIZE            
0000cae6  __TI_CINIT_Base         
0000caee  __TI_CINIT_Limit        
0000cadc  __TI_Handler_Table_Base 
0000cae2  __TI_Handler_Table_Limit
UNDEFED   __TI_INITARRAY_Base     
UNDEFED   __TI_INITARRAY_Limit    
0000ca22  __TI_ISR_TRAP           
0000c9b4  __TI_decompress_none    
0000ca28  __TI_decompress_rle24   
0000ffe0  __TI_int00              
0000ffe4  __TI_int02              
0000ffe6  __TI_int03              
0000ffea  __TI_int05              
0000ffec  __TI_int06              
0000ffee  __TI_int07              
0000fff0  __TI_int08              
0000fff2  __TI_int09              
0000fff4  __TI_int10              
0000fff6  __TI_int11              
0000fff8  __TI_int12              
0000fffa  __TI_int13              
0000fffc  __TI_int14              
0000c9a0  __TI_zero_init          
ffffffff  __binit__               
ffffffff  __c_args__              
0000c890  __mspabi_divi           
0000c95e  __mspabi_divu           
0000c5d4  __mspabi_divul          
0000c9f6  __mspabi_func_epilog_1  
0000c9f4  __mspabi_func_epilog_2  
0000c9f2  __mspabi_func_epilog_3  
0000c9f0  __mspabi_func_epilog_4  
0000c9ee  __mspabi_func_epilog_5  
0000c9ec  __mspabi_func_epilog_6  
0000c9ea  __mspabi_func_epilog_7  
0000c890  __mspabi_remi           
0000c95e  __mspabi_remu           
0000c5d4  __mspabi_remul          
0000c824  __mspabi_slll_1         
0000c800  __mspabi_slll_10        
0000c7fc  __mspabi_slll_11        
0000c7f8  __mspabi_slll_12        
0000c7f4  __mspabi_slll_13        
0000c7f0  __mspabi_slll_14        
0000c7ec  __mspabi_slll_15        
0000c820  __mspabi_slll_2         
0000c81c  __mspabi_slll_3         
0000c818  __mspabi_slll_4         
0000c814  __mspabi_slll_5         
0000c810  __mspabi_slll_6         
0000c80c  __mspabi_slll_7         
0000c808  __mspabi_slll_8         
0000c804  __mspabi_slll_9         
0000c6d0  __mspabi_srli           
0000c716  __mspabi_srli_1         
0000c6f2  __mspabi_srli_10        
0000c6ee  __mspabi_srli_11        
0000c6ea  __mspabi_srli_12        
0000c6e6  __mspabi_srli_13        
0000c6e2  __mspabi_srli_14        
0000c6de  __mspabi_srli_15        
0000c712  __mspabi_srli_2         
0000c70e  __mspabi_srli_3         
0000c70a  __mspabi_srli_4         
0000c706  __mspabi_srli_5         
0000c702  __mspabi_srli_6         
0000c6fe  __mspabi_srli_7         
0000c6fa  __mspabi_srli_8         
0000c6f6  __mspabi_srli_9         
0000c57c  _auto_init              
0000c92a  _c_int00_noargs_noexit  
0000fffe  _reset_vector           
000003b0  _stack                  
0000ca2e  _system_pre_init        
0000ca32  abort                   
ffffffff  binit                   
0000c140  board_init              
0000c944  delay                   
0000c7aa  elecLoad_init           
0000c82a  hvmeas_init             
0000c908  i2c_init                
0000c468  i2c_transfer            
0000c9fa  icDAC_init              
0000c206  itoa                    
0000cad0  loadCurrnA              
0000c000  main                    
0000c9c6  memcpy                  
0000c2be  readHVMeasADC           
0000c4c6  reverse                 
0000c8bc  setICDAC                
0000c62c  setLoadDAC              
0000c522  shift_in_ic             
0000ca04  timer1_isr              
0000c974  timer_init              
0000c9d8  tlv_verify              
0000c764  uart_init               
0000c98a  uart_putchar            
0000c71c  uart_puts               
0000ca0e  watchdog_disable        


GLOBAL SYMBOLS: SORTED BY Symbol Address 

address   name                    
-------   ----                    
00000000  IE1                     
00000001  IE2                     
00000002  IFG1                    
00000003  IFG2                    
00000010  P3REN                   
00000018  P3IN                    
00000019  P3OUT                   
0000001a  P3DIR                   
0000001b  P3SEL                   
00000020  P1IN                    
00000021  P1OUT                   
00000022  P1DIR                   
00000023  P1IFG                   
00000024  P1IES                   
00000025  P1IE                    
00000026  P1SEL                   
00000027  P1REN                   
00000028  P2IN                    
00000029  P2OUT                   
0000002a  P2DIR                   
0000002b  P2IFG                   
0000002c  P2IES                   
0000002d  P2IE                    
0000002e  P2SEL                   
0000002f  P2REN                   
00000041  P1SEL2                  
00000042  P2SEL2                  
00000043  P3SEL2                  
00000048  ADC10DTC0               
00000049  ADC10DTC1               
0000004a  ADC10AE0                
00000050  __STACK_SIZE            
00000053  BCSCTL3                 
00000056  DCOCTL                  
00000057  BCSCTL1                 
00000058  BCSCTL2                 
00000059  CACTL1                  
0000005a  CACTL2                  
0000005b  CAPD                    
0000005d  UCA0ABCTL               
0000005e  UCA0IRTCTL              
0000005f  UCA0IRRCTL              
00000060  UCA0CTL0                
00000061  UCA0CTL1                
00000062  UCA0BR0                 
00000063  UCA0BR1                 
00000064  UCA0MCTL                
00000065  UCA0STAT                
00000066  UCA0RXBUF               
00000067  UCA0TXBUF               
00000068  UCB0CTL0                
00000069  UCB0CTL1                
0000006a  UCB0BR0                 
0000006b  UCB0BR1                 
0000006c  UCB0I2CIE               
0000006d  UCB0STAT                
0000006e  UCB0RXBUF               
0000006f  UCB0TXBUF               
00000118  UCB0I2COA               
0000011a  UCB0I2CSA               
0000011e  TA1IV                   
00000120  WDTCTL                  
00000128  FCTL1                   
0000012a  FCTL2                   
0000012c  FCTL3                   
0000012e  TA0IV                   
00000160  TA0CTL                  
00000162  TA0CCTL0                
00000164  TA0CCTL1                
00000166  TA0CCTL2                
00000170  TA0R                    
00000172  TA0CCR0                 
00000174  TA0CCR1                 
00000176  TA0CCR2                 
00000180  TA1CTL                  
00000182  TA1CCTL0                
00000184  TA1CCTL1                
00000186  TA1CCTL2                
00000190  TA1R                    
00000192  TA1CCR0                 
00000194  TA1CCR1                 
00000196  TA1CCR2                 
000001b0  ADC10CTL0               
000001b2  ADC10CTL1               
000001b4  ADC10MEM                
000001bc  ADC10SA                 
00000224  HVsetpoint              
000003b0  _stack                  
00000400  __STACK_END             
000010c0  TLV_CHECKSUM            
000010da  TLV_ADC10_1_TAG         
000010db  TLV_ADC10_1_LEN         
000010f6  TLV_DCO_30_TAG          
000010f7  TLV_DCO_30_LEN          
000010f8  CALDCO_16MHZ            
000010f9  CALBC1_16MHZ            
000010fa  CALDCO_12MHZ            
000010fb  CALBC1_12MHZ            
000010fc  CALDCO_8MHZ             
000010fd  CALBC1_8MHZ             
000010fe  CALDCO_1MHZ             
000010ff  CALBC1_1MHZ             
0000c000  main                    
0000c140  board_init              
0000c206  itoa                    
0000c2be  readHVMeasADC           
0000c468  i2c_transfer            
0000c4c6  reverse                 
0000c522  shift_in_ic             
0000c57c  _auto_init              
0000c5d4  __mspabi_divul          
0000c5d4  __mspabi_remul          
0000c62c  setLoadDAC              
0000c6d0  __mspabi_srli           
0000c6de  __mspabi_srli_15        
0000c6e2  __mspabi_srli_14        
0000c6e6  __mspabi_srli_13        
0000c6ea  __mspabi_srli_12        
0000c6ee  __mspabi_srli_11        
0000c6f2  __mspabi_srli_10        
0000c6f6  __mspabi_srli_9         
0000c6fa  __mspabi_srli_8         
0000c6fe  __mspabi_srli_7         
0000c702  __mspabi_srli_6         
0000c706  __mspabi_srli_5         
0000c70a  __mspabi_srli_4         
0000c70e  __mspabi_srli_3         
0000c712  __mspabi_srli_2         
0000c716  __mspabi_srli_1         
0000c71c  uart_puts               
0000c764  uart_init               
0000c7aa  elecLoad_init           
0000c7ec  __mspabi_slll_15        
0000c7f0  __mspabi_slll_14        
0000c7f4  __mspabi_slll_13        
0000c7f8  __mspabi_slll_12        
0000c7fc  __mspabi_slll_11        
0000c800  __mspabi_slll_10        
0000c804  __mspabi_slll_9         
0000c808  __mspabi_slll_8         
0000c80c  __mspabi_slll_7         
0000c810  __mspabi_slll_6         
0000c814  __mspabi_slll_5         
0000c818  __mspabi_slll_4         
0000c81c  __mspabi_slll_3         
0000c820  __mspabi_slll_2         
0000c824  __mspabi_slll_1         
0000c82a  hvmeas_init             
0000c862  USCI0RX_ISR             
0000c890  __mspabi_divi           
0000c890  __mspabi_remi           
0000c8bc  setICDAC                
0000c908  i2c_init                
0000c92a  _c_int00_noargs_noexit  
0000c944  delay                   
0000c95e  __mspabi_divu           
0000c95e  __mspabi_remu           
0000c974  timer_init              
0000c98a  uart_putchar            
0000c9a0  __TI_zero_init          
0000c9b4  __TI_decompress_none    
0000c9c6  memcpy                  
0000c9d8  tlv_verify              
0000c9ea  __mspabi_func_epilog_7  
0000c9ec  __mspabi_func_epilog_6  
0000c9ee  __mspabi_func_epilog_5  
0000c9f0  __mspabi_func_epilog_4  
0000c9f2  __mspabi_func_epilog_3  
0000c9f4  __mspabi_func_epilog_2  
0000c9f6  __mspabi_func_epilog_1  
0000c9fa  icDAC_init              
0000ca04  timer1_isr              
0000ca0e  watchdog_disable        
0000ca16  LEDOFF                  
0000ca1c  LEDON                   
0000ca22  __TI_ISR_TRAP           
0000ca28  __TI_decompress_rle24   
0000ca2e  _system_pre_init        
0000ca32  C$$EXIT                 
0000ca32  abort                   
0000cad0  loadCurrnA              
0000cadc  __TI_Handler_Table_Base 
0000cae2  __TI_Handler_Table_Limit
0000cae6  __TI_CINIT_Base         
0000caee  __TI_CINIT_Limit        
0000ffe0  __TI_int00              
0000ffe4  __TI_int02              
0000ffe6  __TI_int03              
0000ffea  __TI_int05              
0000ffec  __TI_int06              
0000ffee  __TI_int07              
0000fff0  __TI_int08              
0000fff2  __TI_int09              
0000fff4  __TI_int10              
0000fff6  __TI_int11              
0000fff8  __TI_int12              
0000fffa  __TI_int13              
0000fffc  __TI_int14              
0000fffe  _reset_vector           
ffffffff  __binit__               
ffffffff  __c_args__              
ffffffff  binit                   
UNDEFED   __TI_INITARRAY_Base     
UNDEFED   __TI_INITARRAY_Limit    

[204 symbols]
